Hitachi Optimizing Linkage Editor (Ver. 7.1.03.000)22-Jan-2023 22:08:33

*** Options ***

-subcommand=C:\Users\rapha\AppData\Local\Temp\hmk6F32.tmp
noprelink
sdebug
rom D=R
nomessage
list "D:\DOCUMENTS\Raphael\casio\code\SDK\projects\ConnectFX\Debug\FXADDINror.map"
show symbol
nooptimize
start P_TOP,P,C,D,C$VTBL,C$INIT/0300200,B_BR_Size,B,R/08100000
fsymbol P
nologo
input "D:\DOCUMENTS\Raphael\casio\code\SDK\projects\ConnectFX\Debug\Test.obj" "D:\DOCUMENTS\Raphael\casio\code\SDK\projects\ConnectFX\Debug\syscall.obj"
input "D:\CASIO\casio\OS\FX\lib\setup.obj"
library "D:\CASIO\casio\OS\FX\lib\fx9860G_library.lib"
output "D:\DOCUMENTS\Raphael\casio\code\SDK\projects\ConnectFX\Debug\FXADDINror.abs"
-nomessage=1100
end

*** Error information ***

*** Mapping List ***

SECTION                            START      END         SIZE   ALIGN

P_TOP
                                  00300200  0030020b         c   4
P
                                  0030020c  00304309      40fe   4
C
                                  0030430c  0030481f       514   4
D
                                  00304820  0030483f        20   4
B_BR_Size
                                  08100000  08100003         4   4
B
                                  08100004  0810080b       808   4
R
                                  0810080c  0810082b        20   4

*** Symbol List ***

SECTION=
FILE=                               START        END    SIZE
  SYMBOL                            ADDR        SIZE    INFO      COUNTS  OPT

SECTION=P_TOP
FILE=D:\DOCUMENTS\Raphael\casio\code\SDK\projects\ConnectFX\Debug\Test.obj
                                  00300200  0030020b         c
  _InitializeSystem
                                  00300200         c   func ,g         * 

SECTION=P
FILE=D:\DOCUMENTS\Raphael\casio\code\SDK\projects\ConnectFX\Debug\Test.obj
                                  0030020c  00300c5d       a52
  _OpenBTList
                                  0030020c        84   func ,g         * 
  _CreateBTMenu
                                  00300290        cc   func ,g         * 
  _MainMenu
                                  0030035c        ba   func ,g         * 
  _main
                                  00300416       842   func ,g         * 
  _AddIn_main
                                  00300c58         6   func ,g         * 
FILE=D:\DOCUMENTS\Raphael\casio\code\SDK\projects\ConnectFX\Debug\syscall.obj
                                  00300c60  00300d9f       140
  _Serial_ReadByte
                                  00300c60         0   none ,g         * 
  _Serial_ReadBytes
                                  00300c70         0   none ,g         * 
  _Serial_WriteByte
                                  00300c80         0   none ,g         * 
  _Serial_WriteBytes
                                  00300c90         0   none ,g         * 
  _Serial_WriteByteFIFO
                                  00300ca0         0   none ,g         * 
  _Serial_GetRxBufferSize
                                  00300cb0         0   none ,g         * 
  _Serial_GetTxBufferFreeCapacity
                                  00300cc0         0   none ,g         * 
  _Serial_ClearReceiveBuffer
                                  00300cd0         0   none ,g         * 
  _Serial_ClearTransmitBuffer
                                  00300ce0         0   none ,g         * 
  _Serial_Open
                                  00300cf0         0   none ,g         * 
  _Serial_Close
                                  00300d00         0   none ,g         * 
  _Serial_Peek
                                  00300d10         0   none ,g         * 
  _Serial_IsOpen
                                  00300d20         0   none ,g         * 
  _Keyboard_PutKeycode
                                  00300d30         0   none ,g         * 
  _GetFKeyIconPointer
                                  00300d40         0   none ,g         * 
  _DisplayErrorMessage
                                  00300d50         0   none ,g         * 
  _DisplayFKeyIcon
                                  00300d60         0   none ,g         * 
  _Cursor_SetFlashOn
                                  00300d70         0   none ,g         * 
  _Cursor_SetFlashOff
                                  00300d80         0   none ,g         * 
  _DisplayMessageBox
                                  00300d90         0   none ,g         * 
FILE=D:\CASIO\casio\OS\FX\lib\setup.obj
                                  00300da0  00300ebb       11c
  ___LINK_PROTECT
                                  00300da0         4   func ,g         * 
  _SetQuitHandler
                                  00300da4         6   func ,g         * 
  _OnAppCloseDefault
                                  00300daa        54   func ,g         * 
  __INITSCT_ADDIN
                                  00300dfe        48   func ,g         * 
  _INIT_ADDIN_APPLICATION
                                  00300e46        76   func ,g         * 
FILE=__s_mvn
                                  00300ebc  00300ef3        38
  __slow_mvn
                                  00300ebc         0   none ,g         * 
  SMVN_B
                                  00300eca         0   none ,l         * 
  SMVN_END
                                  00300eec         0   none ,l         * 
FILE=__s_scpy
                                  00300ef4  00300f43        50
  __slow_strcpy
                                  00300ef4         0   none ,g         * 
  SCPY_B
                                  00300f0c         0   none ,l         * 
  SCPY_END
                                  00300f30         0   none ,l         * 
  _quick_strcpy2
                                  00300f38         0   none ,l         * 
  A_qcpy
                                  00300f40         0   none ,l         * 
FILE=__strcmp
                                  00300f44  00300fef        ac
  __slow_strcmp1
                                  00300f44         0   none ,g         * 
  __quick_strcmp1
                                  00300f4c         0   none ,g         * 
  QCMP_L
                                  00300f50         0   none ,l         * 
  QCMP_NULL2
                                  00300f84         0   none ,l         * 
  QCMP_NULL
                                  00300f86         0   none ,l         * 
  QCMP_END
                                  00300fb2         0   none ,l         * 
  QCMP_END2
                                  00300fb6         0   none ,l         * 
  SCMP_L
                                  00300fbc         0   none ,l         * 
  SCMP_END
                                  00300fec         0   none ,l         * 
FILE=memset
                                  00300ff0  00301007        18
  _memset
                                  00300ff0        18   func ,g         * 
FILE=sprintf
                                  00301008  00301043        3c
  _sprintf
                                  00301008        3c   func ,g         * 
FILE=strlen
                                  00301044  00301053        10
  _strlen
                                  00301044        10   func ,g         * 
FILE=strncat
                                  00301054  00301089        36
  _strncat
                                  00301054        36   func ,g         * 
FILE=_Bdel_cychdr
                                  0030108c  0030109b        10
  _Bdel_cychdr
                                  0030108c         0   none ,g         * 
FILE=_Bdisp_AllClr_VRAM
                                  0030109c  003010ab        10
  _Bdisp_AllClr_VRAM
                                  0030109c         0   none ,g         * 
FILE=_BfileFLS_CloseFile
                                  003010ac  003010bb        10
  _BfileFLS_CloseFile
                                  003010ac         0   none ,g         * 
FILE=_Bkey_Set_RepeatTime_Default
                                  003010bc  003010cb        10
  _Bkey_Set_RepeatTime_Default
                                  003010bc         0   none ,g         * 
FILE=_CallbackAtQuitMainFunction
                                  003010cc  003010db        10
  _CallbackAtQuitMainFunction
                                  003010cc         0   none ,g         * 
FILE=_flsFindClose
                                  003010dc  003010eb        10
  _flsFindClose
                                  003010dc         0   none ,g         * 
FILE=_getkey
                                  003010ec  003010fb        10
  _GetKey
                                  003010ec         0   none ,g         * 
FILE=_GLibAddinAplExecutionCheck
                                  003010fc  0030110b        10
  _GLibAddinAplExecutionCheck
                                  003010fc         0   none ,g         * 
FILE=_Hmem_SetMMU
                                  0030110c  0030111b        10
  _Hmem_SetMMU
                                  0030110c         0   none ,g         * 
FILE=_Print
                                  0030111c  0030112b        10
  _Print
                                  0030111c         0   none ,g         * 
FILE=dispbios
                                  0030112c  003012a1       176
  _PrintMini
                                  0030112c        1c   func ,g         * 
  _locate
                                  00301148        28   func ,g         * 
  _Bdisp_ReadArea_DD
                                  00301170       132   func ,g         * 
FILE=timer
                                  003012a4  003013a3       100
  _GetSDKLibraryVersion
                                  003012a4         6   func ,g         * 
  _SetTimer
                                  003012aa        54   func ,g         * 
  _KillTimer
                                  003012fe        44   func ,g         * 
  _Sleep
                                  00301342        62   func ,g         * 
FILE=__divls
                                  003013a4  00301457        b4
  __divls
                                  003013a4         0   none ,g         * 
  divls_zero
                                  00301442         0   none ,l         * 
  A_errno
                                  00301450         0   none ,l         * 
  n_zerono
                                  00301454         0   none ,l         * 
FILE=__modls
                                  00301458  0030151f        c8
  __modls
                                  00301458         0   none ,g         * 
  modls_L
                                  003014fe         0   none ,l         * 
  modls_zero
                                  0030150a         0   none ,l         * 
  A_errno
                                  00301518         0   none ,l         * 
  n_zerono
                                  0030151c         0   none ,l         * 
FILE=__q_scpy
                                  00301520  00301587        68
  __quick_strcpy
                                  00301520         0   none ,g         * 
  _quick_strcpy1
                                  00301524         0   none ,g         * 
  FCPY_L
                                  0030152e         0   none ,l         * 
  FCPY_NULL1
                                  00301552         0   none ,l         * 
  FCPY_NULL2
                                  00301556         0   none ,l         * 
  FCPY_NULL3
                                  0030155a         0   none ,l         * 
  FCPY_NULL
                                  0030155c         0   none ,l         * 
  FCPY_B
                                  00301562         0   none ,l         * 
  FCPY_END
                                  0030157c         0   none ,l         * 
FILE=_fmtout
                                  00301588  00302673      10ec
  __fmtout
                                  00301588       768   func ,g         * 
  __ltostr
                                  00301cf0       20a   func ,l         * 
  __xtostr
                                  00301efa       68e   func ,l         * 
  __round
                                  00302588        60   func ,l         * 
  __putstr
                                  003025e8        58   func ,l         * 
  __putnull
                                  00302640        10   func ,l         * 
  __puterr
                                  00302650        24   func ,l         * 
FILE=_Bcre_cychdr
                                  00302674  00302683        10
  _Bcre_cychdr
                                  00302674         0   none ,g         * 
FILE=_BSrl_DummyWAIT
                                  00302684  00302693        10
  _BSrl_DummyWAIT
                                  00302684         0   none ,g         * 
FILE=_Bsta_cychdr
                                  00302694  003026a3        10
  _Bsta_cychdr
                                  00302694         0   none ,g         * 
FILE=_Bstp_cychdr
                                  003026a4  003026b3        10
  _Bstp_cychdr
                                  003026a4         0   none ,g         * 
FILE=_DD_GET
                                  003026b4  003026c3        10
  _DD_GET
                                  003026b4         0   none ,g         * 
FILE=_locate
                                  003026c4  003026d3        10
  _locate_OS
                                  003026c4         0   none ,g         * 
FILE=_PrintMiniSd
                                  003026d4  003026e3        10
  _PrintMiniSd
                                  003026d4         0   none ,g         * 
FILE=r_eqd
                                  003026e4  00302777        94
  __eqd
                                  003026e4         0   none ,g         * 
  exception_return1
                                  00302716         0   none ,l         * 
  exception_return2
                                  0030271a         0   none ,l         * 
  exception_return3
                                  0030271e         0   none ,l         * 
  false
                                  0030272a         0   none ,l         * 
  return
                                  0030272c         0   none ,l         * 
  exception1
                                  00302740         0   none ,l         * 
  exception2
                                  0030274c         0   none ,l         * 
  exception3
                                  00302758         0   none ,l         * 
  EXP_INF
                                  00302770         0   none ,l         * 
  MMASK
                                  00302774         0   none ,l         * 
FILE=__divlu
                                  00302778  0030281f        a8
  __divlu
                                  00302778         0   none ,g         * 
  divlu_zero
                                  0030280a         0   none ,l         * 
  A_errno
                                  00302818         0   none ,l         * 
  n_zerono
                                  0030281c         0   none ,l         * 
FILE=__modlu
                                  00302820  003028d7        b8
  __modlu
                                  00302820         0   none ,g         * 
  modlu_L
                                  003028b8         0   none ,l         * 
  modlu_zero
                                  003028c0         0   none ,l         * 
  A_errno
                                  003028d0         0   none ,l         * 
  n_zerono
                                  003028d4         0   none ,l         * 
FILE=_its
                                  003028d8  00302a07       130
  __its
                                  003028d8       130   func ,g         * 
FILE=_xti
                                  00302a08  00302c97       290
  __xti
                                  00302a08       290   func ,g         * 
  _la$264
                                  00302be0         0   none ,l         * 
FILE=memcpy
                                  00302c98  00302d55        be
  _memcpy
                                  00302c98        be   func ,g         * 
FILE=_allzero
                                  00302d58  00302d75        1e
  __allzero
                                  00302d58        1e   func ,g         * 
FILE=_calcnpw
                                  00302d78  00302e77       100
  __calcnpw
                                  00302d78       100   func ,g         * 
FILE=_log10
                                  00302e78  0030313f       2c8
  __log10
                                  00302e78        62   func ,g         * 
  _frexp
                                  00302eda       12e   func ,l         * 
  _modf
                                  00303008       138   func ,l         * 
FILE=_lsfts
                                  00303140  0030318b        4c
  __lsfts
                                  00303140        4c   func ,g         * 
FILE=_pow5
                                  0030318c  003031af        24
  __pow5
                                  0030318c        24   func ,g         * 
FILE=_rsfts
                                  003031b0  00303205        56
  __rsfts
                                  003031b0        56   func ,g         * 
FILE=_sub
                                  00303208  0030329b        94
  __sub
                                  00303208        94   func ,g         * 
FILE=_umemcmp
                                  0030329c  003032cf        34
  __umemcmp
                                  0030329c        34   func ,g         * 
FILE=_unpack
                                  003032d0  0030336b        9c
  __unpack
                                  003032d0        9c   func ,g         * 
FILE=memcmp
                                  0030336c  0030339f        34
  _memcmp
                                  0030336c        34   func ,g         * 
FILE=r_addd
                                  003033a0  0030372f       390
  __subd
                                  003033a0         0   none ,g         * 
  __subdr
                                  003033b8         0   none ,g         * 
  exception1
                                  003033d0         0   none ,l         * 
  return_NaN
                                  003033e4         0   none ,l         * 
  return_inf
                                  003033ec         0   none ,l         * 
  exception2
                                  003033f0         0   none ,l         * 
  p2_denorm_check
                                  00303404         0   none ,l         * 
  p1_denorm
                                  00303410         0   none ,l         * 
  return_p2
                                  0030341c         0   none ,l         * 
  return_p1
                                  00303424         0   none ,l         * 
  p1_normalize
                                  00303432         0   none ,l         * 
  p1_norm_loop
                                  0030343c         0   none ,l         * 
  end_p1_norm
                                  00303446         0   none ,l         * 
  p2_normalize
                                  00303446         0   none ,l         * 
  p2_norm_loop
                                  00303450         0   none ,l         * 
  end_p2_norm
                                  0030345a         0   none ,l         * 
  swap_end
                                  00303462         0   none ,l         * 
  return_zero
                                  00303466         0   none ,l         * 
  __addd
                                  00303470         0   none ,g         * 
  sub_in
                                  00303482         0   none ,l         * 
  rotation
                                  003034a2         0   none ,l         * 
  exception_return
                                  003034ce         0   none ,l         * 
  sftr1
                                  00303510         0   none ,l         * 
  e_sftr31
                                  00303514         0   none ,l         * 
  e_sftr55
                                  0030353a         0   none ,l         * 
  sftr_loop
                                  00303540         0   none ,l         * 
  end_sftr
                                  00303548         0   none ,l         * 
  mantissa_sub
                                  0030356c         0   none ,l         * 
  man_sub1
                                  00303574         0   none ,l         * 
  normalize
                                  00303582         0   none ,l         * 
  norm32_end
                                  0030358c         0   none ,l         * 
  norm16_end
                                  0030359c         0   none ,l         * 
  over_norm
                                  003035a2         0   none ,l         * 
  overnorm_end
                                  003035ce         0   none ,l         * 
  norm_loop
                                  003035d4         0   none ,l         * 
  end_calc
                                  003035fc         0   none ,l         * 
  end_norm
                                  003035fc         0   none ,l         * 
  denormalize_loop
                                  00303604         0   none ,l         * 
  round
                                  0030360c         0   none ,l         * 
  end_denormal
                                  0030360c         0   none ,l         * 
  round_carry
                                  00303624         0   none ,l         * 
  end_round
                                  0030362a         0   none ,l         * 
  return_value
                                  0030362a         0   none ,l         * 
  return
                                  00303648         0   none ,l         * 
  plus_zero
                                  00303668         0   none ,l         * 
  swap
                                  00303672         0   none ,l         * 
  EXP_INF
                                  0030368c         0   none ,l         * 
  MMASK
                                  00303690         0   none ,l         * 
  MSB
                                  00303694         0   none ,l         * 
  LOWMASK
                                  00303698         0   none ,l         * 
  CARRY_CHECK
                                  0030369c         0   none ,l         * 
  NORMAL
                                  003036a0         0   none ,l         * 
  SIGN
                                  003036a4         0   none ,l         * 
  HALF
                                  003036a8         0   none ,l         * 
  sftrtbl
                                  003036ac         0   none ,l         * 
FILE=r_dtoi
                                  00303730  003037bb        8c
  __dtou
                                  00303730         0   none ,g         * 
  __dtoi
                                  00303730         0   none ,g         * 
  loop_sftl
                                  00303770         0   none ,l         * 
  shift_low
                                  0030377a         0   none ,l         * 
  shift_low1
                                  00303782         0   none ,l         * 
  shift_r
                                  0030378c         0   none ,l         * 
  shift_r1
                                  0030378e         0   none ,l         * 
  end_shift
                                  00303794         0   none ,l         * 
  return
                                  0030379a         0   none ,l         * 
  end_nagate
                                  0030379a         0   none ,l         * 
  return_zero
                                  003037a8         0   none ,l         * 
  EXP_INF
                                  003037ac         0   none ,l         * 
  MMASK
                                  003037b0         0   none ,l         * 
  MSB
                                  003037b4         0   none ,l         * 
  BIAS
                                  003037b8         0   none ,l         * 
FILE=r_itod
                                  003037bc  0030380f        54
  __itod
                                  003037bc         0   none ,g         * 
  end_negate
                                  003037d0         0   none ,l         * 
  sftl_loop
                                  003037d2         0   none ,l         * 
  return
                                  003037f4         0   none ,l         * 
  return_zero
                                  00303804         0   none ,l         * 
  EXP_32
                                  0030380c         0   none ,l         * 
FILE=r_ltd
                                  00303810  003038b7        a8
  __ltd
                                  00303810         0   none ,g         * 
  exception_return1
                                  00303842         0   none ,l         * 
  exception_return2
                                  00303846         0   none ,l         * 
  exception_return3
                                  0030384a         0   none ,l         * 
  minus
                                  0030385c         0   none ,l         * 
  sign_def
                                  00303864         0   none ,l         * 
  return
                                  00303868         0   none ,l         * 
  exception1
                                  0030387c         0   none ,l         * 
  exception2
                                  00303888         0   none ,l         * 
  exception3
                                  00303894         0   none ,l         * 
  false
                                  003038ac         0   none ,l         * 
  EXP_INF
                                  003038b0         0   none ,l         * 
  MMASK
                                  003038b4         0   none ,l         * 
FILE=r_muld
                                  003038b8  00303acb       214
  exception1
                                  003038b8         0   none ,l         * 
  parm2_NaN_check
                                  003038d4         0   none ,l         * 
  exception2
                                  003038e0         0   none ,l         * 
  exception3
                                  003038f8         0   none ,l         * 
  ex3
                                  00303904         0   none ,l         * 
  p1_norm_loop
                                  0030390e         0   none ,l         * 
  end_p1_norm
                                  00303918         0   none ,l         * 
  exception4
                                  0030391c         0   none ,l         * 
  ex4
                                  00303928         0   none ,l         * 
  p2_norm_loop
                                  00303932         0   none ,l         * 
  end_p2_norm
                                  0030393c         0   none ,l         * 
  return_zero
                                  00303940         0   none ,l         * 
  return_inf
                                  0030394a         0   none ,l         * 
  return_NaN
                                  00303952         0   none ,l         * 
  __muld
                                  0030395c         0   none ,g         * 
  exception_return3
                                  003039b2         0   none ,l         * 
  exception_return4
                                  003039b6         0   none ,l         * 
  mul_man1
                                  003039f8         0   none ,l         * 
  end_normalize
                                  00303a1c         0   none ,l         * 
  end_sticky
                                  00303a22         0   none ,l         * 
  denormalize_loop
                                  00303a2a         0   none ,l         * 
  round_denormal
                                  00303a36         0   none ,l         * 
  end_round_d
                                  00303a4c         0   none ,l         * 
  end_denormal
                                  00303a50         0   none ,l         * 
  round_carry
                                  00303a62         0   none ,l         * 
  end_round
                                  00303a68         0   none ,l         * 
  return_value
                                  00303a68         0   none ,l         * 
  return
                                  00303a86         0   none ,l         * 
  EXP_INF
                                  00303ab4         0   none ,l         * 
  MMASK
                                  00303ab8         0   none ,l         * 
  MSB
                                  00303abc         0   none ,l         * 
  CARRY_CHECK
                                  00303ac0         0   none ,l         * 
  BIAS
                                  00303ac4         0   none ,l         * 
  DEN_CARRY
                                  00303ac8         0   none ,l         * 
FILE=r_ned
                                  00303acc  00303b5f        94
  __ned
                                  00303acc         0   none ,g         * 
  exception_return1
                                  00303afe         0   none ,l         * 
  exception_return2
                                  00303b02         0   none ,l         * 
  exception_return3
                                  00303b06         0   none ,l         * 
  true
                                  00303b12         0   none ,l         * 
  return
                                  00303b14         0   none ,l         * 
  exception1
                                  00303b28         0   none ,l         * 
  exception2
                                  00303b34         0   none ,l         * 
  exception3
                                  00303b40         0   none ,l         * 
  EXP_INF
                                  00303b58         0   none ,l         * 
  MMASK
                                  00303b5c         0   none ,l         * 
FILE=__divws
                                  00303b60  00303baf        50
  __divws
                                  00303b60         0   none ,g         * 
  divws_zero
                                  00303b9e         0   none ,l         * 
  A_errno
                                  00303ba8         0   none ,l         * 
  n_zerono
                                  00303bac         0   none ,l         * 
FILE=_div64
                                  00303bb0  00303d43       194
  __div64
                                  00303bb0       194   func ,g         * 
FILE=_duchek
                                  00303d44  00303d73        30
  __duchek
                                  00303d44        30   func ,g         * 
FILE=_lsft
                                  00303d74  00303db9        46
  __lsft
                                  00303d74        46   func ,g         * 
FILE=_mult64
                                  00303dbc  00303e2b        70
  __mult64
                                  00303dbc        70   func ,g         * 
FILE=_power
                                  00303e2c  00303f7f       154
  __power
                                  00303e2c       154   func ,g         * 
FILE=_rnd
                                  00303f80  0030406b        ec
  __rnd
                                  00303f80        ec   func ,g         * 
FILE=_setsbit
                                  0030406c  003040ef        84
  __setsbit
                                  0030406c        84   func ,g         * 
FILE=_add
                                  003040f0  0030414b        5c
  __add
                                  003040f0        5c   func ,g         * 
FILE=_mult
                                  0030414c  00304227        dc
  __mult
                                  0030414c        dc   func ,g         * 
FILE=_pow10
                                  00304228  003042bf        98
  __pow10
                                  00304228        98   func ,g         * 
FILE=_rsft
                                  003042c0  00304309        4a
  __rsft
                                  003042c0        4a   func ,g         * 

SECTION=C
FILE=addin_sct
                                  00304504  00304517        14
  _B_BGN
                                  00304504         0   none ,g         * 
  _B_END
                                  00304508         0   none ,g         * 
  _R_BGN
                                  0030450c         0   none ,g         * 
  _R_END
                                  00304510         0   none ,g         * 
  _D_ROM
                                  00304514         0   none ,g         * 
FILE=_ctype
                                  00304518  00304617       100
  __ctype
                                  00304518       100   data ,g         * 
FILE=_its
                                  00304618  0030469f        88
  _table$246
                                  00304618        88   data ,l         * 
FILE=_pow5
                                  003046a0  0030477f        e0
  _w$238
                                  003046a0        e0   data ,l         * 
FILE=_power
                                  00304780  0030481f        a0
  _conmnts$251
                                  00304780        80   data ,l         * 
  _conexp$252
                                  00304800        20   data ,l         * 

SECTION=B_BR_Size
FILE=D:\DOCUMENTS\Raphael\casio\code\SDK\projects\ConnectFX\Debug\Test.obj
                                  08100000  08100003         4
  _BR_Size
                                  08100000         4   data ,g         * 

SECTION=B
FILE=D:\DOCUMENTS\Raphael\casio\code\SDK\projects\ConnectFX\Debug\Test.obj
                                  08100004  08100807       804
  _n
                                  08100004         4   data ,g         * 
  _MsgBuffer
                                  08100008       400   data ,g         * 
  _ReservedBufferBis
                                  08100408       400   data ,g         * 
FILE=_errno
                                  08100808  0810080b         4
  __errno
                                  08100808         4   data ,g         * 

SECTION=R
FILE=D:\DOCUMENTS\Raphael\casio\code\SDK\projects\ConnectFX\Debug\Test.obj
                                  0810080c  08100827        1c
  _window
                                  0810080c         4   data ,g         * 
  _IsExam
                                  08100810         4   data ,g         * 
  _i
                                  08100814         4   data ,g         * 
  _IsTyping
                                  08100818         4   data ,g         * 
  _IsSleeping
                                  0810081c         4   data ,g         * 
  _MsgLength
                                  08100820         4   data ,g         * 
  _isLowercase
                                  08100824         4   data ,g         * 
FILE=D:\CASIO\casio\OS\FX\lib\setup.obj
                                  08100828  0810082b         4
  _gb_OnAppClose
                                  08100828         4   data ,g         * 

Absolute value symbols
FILE=_Bdel_cychdr
  __JumpTableTOP
                                  80010070         0   none ,l         * 
FILE=_Bdisp_AllClr_VRAM
  __JumpTableTOP
                                  80010070         0   none ,l         * 
FILE=_BfileFLS_CloseFile
  __JumpTableTOP
                                  80010070         0   none ,l         * 
FILE=_Bkey_Set_RepeatTime_Default
  __JumpTableTOP
                                  80010070         0   none ,l         * 
FILE=_CallbackAtQuitMainFunction
  __JumpTableTOP
                                  80010070         0   none ,l         * 
FILE=_flsFindClose
  __JumpTableTOP
                                  80010070         0   none ,l         * 
FILE=_getkey
  __JumpTableTOP
                                  80010070         0   none ,l         * 
FILE=_GLibAddinAplExecutionCheck
  __JumpTableTOP
                                  80010070         0   none ,l         * 
FILE=_Hmem_SetMMU
  __JumpTableTOP
                                  80010070         0   none ,l         * 
FILE=_Print
  __JumpTableTOP
                                  80010070         0   none ,l         * 
FILE=__divls
  zerodiv
                                  0000044e         0   none ,l         * 
FILE=__modls
  zerodiv
                                  0000044e         0   none ,l         * 
FILE=_Bcre_cychdr
  __JumpTableTOP
                                  80010070         0   none ,l         * 
FILE=_BSrl_DummyWAIT
  __JumpTableTOP
                                  80010070         0   none ,l         * 
FILE=_Bsta_cychdr
  __JumpTableTOP
                                  80010070         0   none ,l         * 
FILE=_Bstp_cychdr
  __JumpTableTOP
                                  80010070         0   none ,l         * 
FILE=_DD_GET
  __JumpTableTOP
                                  80010070         0   none ,l         * 
FILE=_locate
  __JumpTableTOP
                                  80010070         0   none ,l         * 
FILE=_PrintMiniSd
  __JumpTableTOP
                                  80010070         0   none ,l         * 
FILE=__divlu
  zerodiv
                                  0000044e         0   none ,l         * 
FILE=__modlu
  zerodiv
                                  0000044e         0   none ,l         * 
FILE=__divws
  zerodiv
                                  0000044e         0   none ,l         * 

*** Delete Symbols ***

SYMBOL                                SIZE    INFO

*** Variable Accessible with Abs8 ***

SYMBOL                                SIZE    COUNTS  OPTIMIZE

*** Variable Accessible with Abs16 ***

SYMBOL                                SIZE    COUNTS  OPTIMIZE

*** Function Call ***

SYMBOL                              COUNTS  OPTIMIZE
