Hitachi Optimizing Linkage Editor (Ver. 7.1.03.000)22-Jan-2023 22:08:30

*** Options ***

-subcommand=C:\Users\rapha\AppData\Local\Temp\hmk63B8.tmp
noprelink
sdebug
rom D=R
nomessage
list "D:\DOCUMENTS\Raphael\casio\code\SDK\projects\MessageFX\Debug\FXADDINror.map"
show symbol
nooptimize
start P_TOP,P,C,D,C$VTBL,C$INIT/0300200,B_BR_Size,B,R/08100000
fsymbol P
nologo
input "D:\DOCUMENTS\Raphael\casio\code\SDK\projects\MessageFX\Debug\Test.obj" "D:\DOCUMENTS\Raphael\casio\code\SDK\projects\MessageFX\Debug\syscall.obj"
input "D:\CASIO\casio\OS\FX\lib\setup.obj"
library "D:\CASIO\casio\OS\FX\lib\fx9860G_library.lib"
output "D:\DOCUMENTS\Raphael\casio\code\SDK\projects\MessageFX\Debug\FXADDINror.abs"
-nomessage=1100
end

*** Error information ***

*** Mapping List ***

SECTION                            START      END         SIZE   ALIGN

P_TOP
                                  00300200  0030020b         c   4
P
                                  0030020c  00303d71      3b66   4
C
                                  00303d74  00304173       400   4
D
                                  00304174  0030457b       408   4
B_BR_Size
                                  08100000  08100003         4   4
B
                                  08100004  08100407       404   4
R
                                  08100408  0810080f       408   4

*** Symbol List ***

SECTION=
FILE=                               START        END    SIZE
  SYMBOL                            ADDR        SIZE    INFO      COUNTS  OPT

SECTION=P_TOP
FILE=D:\DOCUMENTS\Raphael\casio\code\SDK\projects\MessageFX\Debug\Test.obj
                                  00300200  0030020b         c
  _InitializeSystem
                                  00300200         c   func ,g         * 

SECTION=P
FILE=D:\DOCUMENTS\Raphael\casio\code\SDK\projects\MessageFX\Debug\Test.obj
                                  0030020c  003006c7       4bc
  _main
                                  0030020c       4a2   func ,g         * 
  _AddIn_main
                                  003006ae        1a   func ,g         * 
FILE=D:\DOCUMENTS\Raphael\casio\code\SDK\projects\MessageFX\Debug\syscall.obj
                                  003006c8  00300807       140
  _Serial_ReadByte
                                  003006c8         0   none ,g         * 
  _Serial_ReadBytes
                                  003006d8         0   none ,g         * 
  _Serial_WriteByte
                                  003006e8         0   none ,g         * 
  _Serial_WriteBytes
                                  003006f8         0   none ,g         * 
  _Serial_WriteByteFIFO
                                  00300708         0   none ,g         * 
  _Serial_GetRxBufferSize
                                  00300718         0   none ,g         * 
  _Serial_GetTxBufferFreeCapacity
                                  00300728         0   none ,g         * 
  _Serial_ClearReceiveBuffer
                                  00300738         0   none ,g         * 
  _Serial_ClearTransmitBuffer
                                  00300748         0   none ,g         * 
  _Serial_Open
                                  00300758         0   none ,g         * 
  _Serial_Close
                                  00300768         0   none ,g         * 
  _Serial_Peek
                                  00300778         0   none ,g         * 
  _Serial_IsOpen
                                  00300788         0   none ,g         * 
  _Keyboard_PutKeycode
                                  00300798         0   none ,g         * 
  _GetFKeyIconPointer
                                  003007a8         0   none ,g         * 
  _DisplayErrorMessage
                                  003007b8         0   none ,g         * 
  _DisplayFKeyIcon
                                  003007c8         0   none ,g         * 
  _Cursor_SetFlashOn
                                  003007d8         0   none ,g         * 
  _Cursor_SetFlashOff
                                  003007e8         0   none ,g         * 
  _DisplayMessageBox
                                  003007f8         0   none ,g         * 
FILE=D:\CASIO\casio\OS\FX\lib\setup.obj
                                  00300808  00300923       11c
  ___LINK_PROTECT
                                  00300808         4   func ,g         * 
  _SetQuitHandler
                                  0030080c         6   func ,g         * 
  _OnAppCloseDefault
                                  00300812        54   func ,g         * 
  __INITSCT_ADDIN
                                  00300866        48   func ,g         * 
  _INIT_ADDIN_APPLICATION
                                  003008ae        76   func ,g         * 
FILE=__q_scpy
                                  00300924  0030098b        68
  __quick_strcpy
                                  00300924         0   none ,g         * 
  _quick_strcpy1
                                  00300928         0   none ,g         * 
  FCPY_L
                                  00300932         0   none ,l         * 
  FCPY_NULL1
                                  00300956         0   none ,l         * 
  FCPY_NULL2
                                  0030095a         0   none ,l         * 
  FCPY_NULL3
                                  0030095e         0   none ,l         * 
  FCPY_NULL
                                  00300960         0   none ,l         * 
  FCPY_B
                                  00300966         0   none ,l         * 
  FCPY_END
                                  00300980         0   none ,l         * 
FILE=__s_mvn
                                  0030098c  003009c3        38
  __slow_mvn
                                  0030098c         0   none ,g         * 
  SMVN_B
                                  0030099a         0   none ,l         * 
  SMVN_END
                                  003009bc         0   none ,l         * 
FILE=__s_scpy
                                  003009c4  00300a13        50
  __slow_strcpy
                                  003009c4         0   none ,g         * 
  SCPY_B
                                  003009dc         0   none ,l         * 
  SCPY_END
                                  00300a00         0   none ,l         * 
  _quick_strcpy2
                                  00300a08         0   none ,l         * 
  A_qcpy
                                  00300a10         0   none ,l         * 
FILE=__strcmp
                                  00300a14  00300abf        ac
  __slow_strcmp1
                                  00300a14         0   none ,g         * 
  __quick_strcmp1
                                  00300a1c         0   none ,g         * 
  QCMP_L
                                  00300a20         0   none ,l         * 
  QCMP_NULL2
                                  00300a54         0   none ,l         * 
  QCMP_NULL
                                  00300a56         0   none ,l         * 
  QCMP_END
                                  00300a82         0   none ,l         * 
  QCMP_END2
                                  00300a86         0   none ,l         * 
  SCMP_L
                                  00300a8c         0   none ,l         * 
  SCMP_END
                                  00300abc         0   none ,l         * 
FILE=memset
                                  00300ac0  00300ad7        18
  _memset
                                  00300ac0        18   func ,g         * 
FILE=sprintf
                                  00300ad8  00300b13        3c
  _sprintf
                                  00300ad8        3c   func ,g         * 
FILE=strlen
                                  00300b14  00300b23        10
  _strlen
                                  00300b14        10   func ,g         * 
FILE=strncat
                                  00300b24  00300b59        36
  _strncat
                                  00300b24        36   func ,g         * 
FILE=_Bdel_cychdr
                                  00300b5c  00300b6b        10
  _Bdel_cychdr
                                  00300b5c         0   none ,g         * 
FILE=_Bdisp_AllClr_VRAM
                                  00300b6c  00300b7b        10
  _Bdisp_AllClr_VRAM
                                  00300b6c         0   none ,g         * 
FILE=_BfileFLS_CloseFile
                                  00300b7c  00300b8b        10
  _BfileFLS_CloseFile
                                  00300b7c         0   none ,g         * 
FILE=_Bkey_Set_RepeatTime_Default
                                  00300b8c  00300b9b        10
  _Bkey_Set_RepeatTime_Default
                                  00300b8c         0   none ,g         * 
FILE=_CallbackAtQuitMainFunction
                                  00300b9c  00300bab        10
  _CallbackAtQuitMainFunction
                                  00300b9c         0   none ,g         * 
FILE=_flsFindClose
                                  00300bac  00300bbb        10
  _flsFindClose
                                  00300bac         0   none ,g         * 
FILE=_getkey
                                  00300bbc  00300bcb        10
  _GetKey
                                  00300bbc         0   none ,g         * 
FILE=_GLibAddinAplExecutionCheck
                                  00300bcc  00300bdb        10
  _GLibAddinAplExecutionCheck
                                  00300bcc         0   none ,g         * 
FILE=_Hmem_SetMMU
                                  00300bdc  00300beb        10
  _Hmem_SetMMU
                                  00300bdc         0   none ,g         * 
FILE=_Print
                                  00300bec  00300bfb        10
  _Print
                                  00300bec         0   none ,g         * 
FILE=dispbios
                                  00300bfc  00300d71       176
  _PrintMini
                                  00300bfc        1c   func ,g         * 
  _locate
                                  00300c18        28   func ,g         * 
  _Bdisp_ReadArea_DD
                                  00300c40       132   func ,g         * 
FILE=timer
                                  00300d74  00300e73       100
  _GetSDKLibraryVersion
                                  00300d74         6   func ,g         * 
  _SetTimer
                                  00300d7a        54   func ,g         * 
  _KillTimer
                                  00300dce        44   func ,g         * 
  _Sleep
                                  00300e12        62   func ,g         * 
FILE=__divls
                                  00300e74  00300f27        b4
  __divls
                                  00300e74         0   none ,g         * 
  divls_zero
                                  00300f12         0   none ,l         * 
  A_errno
                                  00300f20         0   none ,l         * 
  n_zerono
                                  00300f24         0   none ,l         * 
FILE=__modls
                                  00300f28  00300fef        c8
  __modls
                                  00300f28         0   none ,g         * 
  modls_L
                                  00300fce         0   none ,l         * 
  modls_zero
                                  00300fda         0   none ,l         * 
  A_errno
                                  00300fe8         0   none ,l         * 
  n_zerono
                                  00300fec         0   none ,l         * 
FILE=_fmtout
                                  00300ff0  003020db      10ec
  __fmtout
                                  00300ff0       768   func ,g         * 
  __ltostr
                                  00301758       20a   func ,l         * 
  __xtostr
                                  00301962       68e   func ,l         * 
  __round
                                  00301ff0        60   func ,l         * 
  __putstr
                                  00302050        58   func ,l         * 
  __putnull
                                  003020a8        10   func ,l         * 
  __puterr
                                  003020b8        24   func ,l         * 
FILE=_Bcre_cychdr
                                  003020dc  003020eb        10
  _Bcre_cychdr
                                  003020dc         0   none ,g         * 
FILE=_BSrl_DummyWAIT
                                  003020ec  003020fb        10
  _BSrl_DummyWAIT
                                  003020ec         0   none ,g         * 
FILE=_Bsta_cychdr
                                  003020fc  0030210b        10
  _Bsta_cychdr
                                  003020fc         0   none ,g         * 
FILE=_Bstp_cychdr
                                  0030210c  0030211b        10
  _Bstp_cychdr
                                  0030210c         0   none ,g         * 
FILE=_DD_GET
                                  0030211c  0030212b        10
  _DD_GET
                                  0030211c         0   none ,g         * 
FILE=_locate
                                  0030212c  0030213b        10
  _locate_OS
                                  0030212c         0   none ,g         * 
FILE=_PrintMiniSd
                                  0030213c  0030214b        10
  _PrintMiniSd
                                  0030213c         0   none ,g         * 
FILE=r_eqd
                                  0030214c  003021df        94
  __eqd
                                  0030214c         0   none ,g         * 
  exception_return1
                                  0030217e         0   none ,l         * 
  exception_return2
                                  00302182         0   none ,l         * 
  exception_return3
                                  00302186         0   none ,l         * 
  false
                                  00302192         0   none ,l         * 
  return
                                  00302194         0   none ,l         * 
  exception1
                                  003021a8         0   none ,l         * 
  exception2
                                  003021b4         0   none ,l         * 
  exception3
                                  003021c0         0   none ,l         * 
  EXP_INF
                                  003021d8         0   none ,l         * 
  MMASK
                                  003021dc         0   none ,l         * 
FILE=__divlu
                                  003021e0  00302287        a8
  __divlu
                                  003021e0         0   none ,g         * 
  divlu_zero
                                  00302272         0   none ,l         * 
  A_errno
                                  00302280         0   none ,l         * 
  n_zerono
                                  00302284         0   none ,l         * 
FILE=__modlu
                                  00302288  0030233f        b8
  __modlu
                                  00302288         0   none ,g         * 
  modlu_L
                                  00302320         0   none ,l         * 
  modlu_zero
                                  00302328         0   none ,l         * 
  A_errno
                                  00302338         0   none ,l         * 
  n_zerono
                                  0030233c         0   none ,l         * 
FILE=_its
                                  00302340  0030246f       130
  __its
                                  00302340       130   func ,g         * 
FILE=_xti
                                  00302470  003026ff       290
  __xti
                                  00302470       290   func ,g         * 
  _la$264
                                  00302648         0   none ,l         * 
FILE=memcpy
                                  00302700  003027bd        be
  _memcpy
                                  00302700        be   func ,g         * 
FILE=_allzero
                                  003027c0  003027dd        1e
  __allzero
                                  003027c0        1e   func ,g         * 
FILE=_calcnpw
                                  003027e0  003028df       100
  __calcnpw
                                  003027e0       100   func ,g         * 
FILE=_log10
                                  003028e0  00302ba7       2c8
  __log10
                                  003028e0        62   func ,g         * 
  _frexp
                                  00302942       12e   func ,l         * 
  _modf
                                  00302a70       138   func ,l         * 
FILE=_lsfts
                                  00302ba8  00302bf3        4c
  __lsfts
                                  00302ba8        4c   func ,g         * 
FILE=_pow5
                                  00302bf4  00302c17        24
  __pow5
                                  00302bf4        24   func ,g         * 
FILE=_rsfts
                                  00302c18  00302c6d        56
  __rsfts
                                  00302c18        56   func ,g         * 
FILE=_sub
                                  00302c70  00302d03        94
  __sub
                                  00302c70        94   func ,g         * 
FILE=_umemcmp
                                  00302d04  00302d37        34
  __umemcmp
                                  00302d04        34   func ,g         * 
FILE=_unpack
                                  00302d38  00302dd3        9c
  __unpack
                                  00302d38        9c   func ,g         * 
FILE=memcmp
                                  00302dd4  00302e07        34
  _memcmp
                                  00302dd4        34   func ,g         * 
FILE=r_addd
                                  00302e08  00303197       390
  __subd
                                  00302e08         0   none ,g         * 
  __subdr
                                  00302e20         0   none ,g         * 
  exception1
                                  00302e38         0   none ,l         * 
  return_NaN
                                  00302e4c         0   none ,l         * 
  return_inf
                                  00302e54         0   none ,l         * 
  exception2
                                  00302e58         0   none ,l         * 
  p2_denorm_check
                                  00302e6c         0   none ,l         * 
  p1_denorm
                                  00302e78         0   none ,l         * 
  return_p2
                                  00302e84         0   none ,l         * 
  return_p1
                                  00302e8c         0   none ,l         * 
  p1_normalize
                                  00302e9a         0   none ,l         * 
  p1_norm_loop
                                  00302ea4         0   none ,l         * 
  end_p1_norm
                                  00302eae         0   none ,l         * 
  p2_normalize
                                  00302eae         0   none ,l         * 
  p2_norm_loop
                                  00302eb8         0   none ,l         * 
  end_p2_norm
                                  00302ec2         0   none ,l         * 
  swap_end
                                  00302eca         0   none ,l         * 
  return_zero
                                  00302ece         0   none ,l         * 
  __addd
                                  00302ed8         0   none ,g         * 
  sub_in
                                  00302eea         0   none ,l         * 
  rotation
                                  00302f0a         0   none ,l         * 
  exception_return
                                  00302f36         0   none ,l         * 
  sftr1
                                  00302f78         0   none ,l         * 
  e_sftr31
                                  00302f7c         0   none ,l         * 
  e_sftr55
                                  00302fa2         0   none ,l         * 
  sftr_loop
                                  00302fa8         0   none ,l         * 
  end_sftr
                                  00302fb0         0   none ,l         * 
  mantissa_sub
                                  00302fd4         0   none ,l         * 
  man_sub1
                                  00302fdc         0   none ,l         * 
  normalize
                                  00302fea         0   none ,l         * 
  norm32_end
                                  00302ff4         0   none ,l         * 
  norm16_end
                                  00303004         0   none ,l         * 
  over_norm
                                  0030300a         0   none ,l         * 
  overnorm_end
                                  00303036         0   none ,l         * 
  norm_loop
                                  0030303c         0   none ,l         * 
  end_calc
                                  00303064         0   none ,l         * 
  end_norm
                                  00303064         0   none ,l         * 
  denormalize_loop
                                  0030306c         0   none ,l         * 
  round
                                  00303074         0   none ,l         * 
  end_denormal
                                  00303074         0   none ,l         * 
  round_carry
                                  0030308c         0   none ,l         * 
  end_round
                                  00303092         0   none ,l         * 
  return_value
                                  00303092         0   none ,l         * 
  return
                                  003030b0         0   none ,l         * 
  plus_zero
                                  003030d0         0   none ,l         * 
  swap
                                  003030da         0   none ,l         * 
  EXP_INF
                                  003030f4         0   none ,l         * 
  MMASK
                                  003030f8         0   none ,l         * 
  MSB
                                  003030fc         0   none ,l         * 
  LOWMASK
                                  00303100         0   none ,l         * 
  CARRY_CHECK
                                  00303104         0   none ,l         * 
  NORMAL
                                  00303108         0   none ,l         * 
  SIGN
                                  0030310c         0   none ,l         * 
  HALF
                                  00303110         0   none ,l         * 
  sftrtbl
                                  00303114         0   none ,l         * 
FILE=r_dtoi
                                  00303198  00303223        8c
  __dtou
                                  00303198         0   none ,g         * 
  __dtoi
                                  00303198         0   none ,g         * 
  loop_sftl
                                  003031d8         0   none ,l         * 
  shift_low
                                  003031e2         0   none ,l         * 
  shift_low1
                                  003031ea         0   none ,l         * 
  shift_r
                                  003031f4         0   none ,l         * 
  shift_r1
                                  003031f6         0   none ,l         * 
  end_shift
                                  003031fc         0   none ,l         * 
  return
                                  00303202         0   none ,l         * 
  end_nagate
                                  00303202         0   none ,l         * 
  return_zero
                                  00303210         0   none ,l         * 
  EXP_INF
                                  00303214         0   none ,l         * 
  MMASK
                                  00303218         0   none ,l         * 
  MSB
                                  0030321c         0   none ,l         * 
  BIAS
                                  00303220         0   none ,l         * 
FILE=r_itod
                                  00303224  00303277        54
  __itod
                                  00303224         0   none ,g         * 
  end_negate
                                  00303238         0   none ,l         * 
  sftl_loop
                                  0030323a         0   none ,l         * 
  return
                                  0030325c         0   none ,l         * 
  return_zero
                                  0030326c         0   none ,l         * 
  EXP_32
                                  00303274         0   none ,l         * 
FILE=r_ltd
                                  00303278  0030331f        a8
  __ltd
                                  00303278         0   none ,g         * 
  exception_return1
                                  003032aa         0   none ,l         * 
  exception_return2
                                  003032ae         0   none ,l         * 
  exception_return3
                                  003032b2         0   none ,l         * 
  minus
                                  003032c4         0   none ,l         * 
  sign_def
                                  003032cc         0   none ,l         * 
  return
                                  003032d0         0   none ,l         * 
  exception1
                                  003032e4         0   none ,l         * 
  exception2
                                  003032f0         0   none ,l         * 
  exception3
                                  003032fc         0   none ,l         * 
  false
                                  00303314         0   none ,l         * 
  EXP_INF
                                  00303318         0   none ,l         * 
  MMASK
                                  0030331c         0   none ,l         * 
FILE=r_muld
                                  00303320  00303533       214
  exception1
                                  00303320         0   none ,l         * 
  parm2_NaN_check
                                  0030333c         0   none ,l         * 
  exception2
                                  00303348         0   none ,l         * 
  exception3
                                  00303360         0   none ,l         * 
  ex3
                                  0030336c         0   none ,l         * 
  p1_norm_loop
                                  00303376         0   none ,l         * 
  end_p1_norm
                                  00303380         0   none ,l         * 
  exception4
                                  00303384         0   none ,l         * 
  ex4
                                  00303390         0   none ,l         * 
  p2_norm_loop
                                  0030339a         0   none ,l         * 
  end_p2_norm
                                  003033a4         0   none ,l         * 
  return_zero
                                  003033a8         0   none ,l         * 
  return_inf
                                  003033b2         0   none ,l         * 
  return_NaN
                                  003033ba         0   none ,l         * 
  __muld
                                  003033c4         0   none ,g         * 
  exception_return3
                                  0030341a         0   none ,l         * 
  exception_return4
                                  0030341e         0   none ,l         * 
  mul_man1
                                  00303460         0   none ,l         * 
  end_normalize
                                  00303484         0   none ,l         * 
  end_sticky
                                  0030348a         0   none ,l         * 
  denormalize_loop
                                  00303492         0   none ,l         * 
  round_denormal
                                  0030349e         0   none ,l         * 
  end_round_d
                                  003034b4         0   none ,l         * 
  end_denormal
                                  003034b8         0   none ,l         * 
  round_carry
                                  003034ca         0   none ,l         * 
  end_round
                                  003034d0         0   none ,l         * 
  return_value
                                  003034d0         0   none ,l         * 
  return
                                  003034ee         0   none ,l         * 
  EXP_INF
                                  0030351c         0   none ,l         * 
  MMASK
                                  00303520         0   none ,l         * 
  MSB
                                  00303524         0   none ,l         * 
  CARRY_CHECK
                                  00303528         0   none ,l         * 
  BIAS
                                  0030352c         0   none ,l         * 
  DEN_CARRY
                                  00303530         0   none ,l         * 
FILE=r_ned
                                  00303534  003035c7        94
  __ned
                                  00303534         0   none ,g         * 
  exception_return1
                                  00303566         0   none ,l         * 
  exception_return2
                                  0030356a         0   none ,l         * 
  exception_return3
                                  0030356e         0   none ,l         * 
  true
                                  0030357a         0   none ,l         * 
  return
                                  0030357c         0   none ,l         * 
  exception1
                                  00303590         0   none ,l         * 
  exception2
                                  0030359c         0   none ,l         * 
  exception3
                                  003035a8         0   none ,l         * 
  EXP_INF
                                  003035c0         0   none ,l         * 
  MMASK
                                  003035c4         0   none ,l         * 
FILE=__divws
                                  003035c8  00303617        50
  __divws
                                  003035c8         0   none ,g         * 
  divws_zero
                                  00303606         0   none ,l         * 
  A_errno
                                  00303610         0   none ,l         * 
  n_zerono
                                  00303614         0   none ,l         * 
FILE=_div64
                                  00303618  003037ab       194
  __div64
                                  00303618       194   func ,g         * 
FILE=_duchek
                                  003037ac  003037db        30
  __duchek
                                  003037ac        30   func ,g         * 
FILE=_lsft
                                  003037dc  00303821        46
  __lsft
                                  003037dc        46   func ,g         * 
FILE=_mult64
                                  00303824  00303893        70
  __mult64
                                  00303824        70   func ,g         * 
FILE=_power
                                  00303894  003039e7       154
  __power
                                  00303894       154   func ,g         * 
FILE=_rnd
                                  003039e8  00303ad3        ec
  __rnd
                                  003039e8        ec   func ,g         * 
FILE=_setsbit
                                  00303ad4  00303b57        84
  __setsbit
                                  00303ad4        84   func ,g         * 
FILE=_add
                                  00303b58  00303bb3        5c
  __add
                                  00303b58        5c   func ,g         * 
FILE=_mult
                                  00303bb4  00303c8f        dc
  __mult
                                  00303bb4        dc   func ,g         * 
FILE=_pow10
                                  00303c90  00303d27        98
  __pow10
                                  00303c90        98   func ,g         * 
FILE=_rsft
                                  00303d28  00303d71        4a
  __rsft
                                  00303d28        4a   func ,g         * 

SECTION=C
FILE=addin_sct
                                  00303e58  00303e6b        14
  _B_BGN
                                  00303e58         0   none ,g         * 
  _B_END
                                  00303e5c         0   none ,g         * 
  _R_BGN
                                  00303e60         0   none ,g         * 
  _R_END
                                  00303e64         0   none ,g         * 
  _D_ROM
                                  00303e68         0   none ,g         * 
FILE=_ctype
                                  00303e6c  00303f6b       100
  __ctype
                                  00303e6c       100   data ,g         * 
FILE=_its
                                  00303f6c  00303ff3        88
  _table$246
                                  00303f6c        88   data ,l         * 
FILE=_pow5
                                  00303ff4  003040d3        e0
  _w$238
                                  00303ff4        e0   data ,l         * 
FILE=_power
                                  003040d4  00304173        a0
  _conmnts$251
                                  003040d4        80   data ,l         * 
  _conexp$252
                                  00304154        20   data ,l         * 

SECTION=B_BR_Size
FILE=D:\DOCUMENTS\Raphael\casio\code\SDK\projects\MessageFX\Debug\Test.obj
                                  08100000  08100003         4
  _BR_Size
                                  08100000         4   data ,g         * 

SECTION=B
FILE=D:\DOCUMENTS\Raphael\casio\code\SDK\projects\MessageFX\Debug\Test.obj
                                  08100004  08100403       400
  _DeviceName
                                  08100004       400   data ,g         * 
FILE=_errno
                                  08100404  08100407         4
  __errno
                                  08100404         4   data ,g         * 

SECTION=R
FILE=D:\DOCUMENTS\Raphael\casio\code\SDK\projects\MessageFX\Debug\Test.obj
                                  08100408  0810080b       404
  _Msg
                                  08100408       400   data ,g         * 
  _isLowercase
                                  08100808         4   data ,g         * 
FILE=D:\CASIO\casio\OS\FX\lib\setup.obj
                                  0810080c  0810080f         4
  _gb_OnAppClose
                                  0810080c         4   data ,g         * 

Absolute value symbols
FILE=_Bdel_cychdr
  __JumpTableTOP
                                  80010070         0   none ,l         * 
FILE=_Bdisp_AllClr_VRAM
  __JumpTableTOP
                                  80010070         0   none ,l         * 
FILE=_BfileFLS_CloseFile
  __JumpTableTOP
                                  80010070         0   none ,l         * 
FILE=_Bkey_Set_RepeatTime_Default
  __JumpTableTOP
                                  80010070         0   none ,l         * 
FILE=_CallbackAtQuitMainFunction
  __JumpTableTOP
                                  80010070         0   none ,l         * 
FILE=_flsFindClose
  __JumpTableTOP
                                  80010070         0   none ,l         * 
FILE=_getkey
  __JumpTableTOP
                                  80010070         0   none ,l         * 
FILE=_GLibAddinAplExecutionCheck
  __JumpTableTOP
                                  80010070         0   none ,l         * 
FILE=_Hmem_SetMMU
  __JumpTableTOP
                                  80010070         0   none ,l         * 
FILE=_Print
  __JumpTableTOP
                                  80010070         0   none ,l         * 
FILE=__divls
  zerodiv
                                  0000044e         0   none ,l         * 
FILE=__modls
  zerodiv
                                  0000044e         0   none ,l         * 
FILE=_Bcre_cychdr
  __JumpTableTOP
                                  80010070         0   none ,l         * 
FILE=_BSrl_DummyWAIT
  __JumpTableTOP
                                  80010070         0   none ,l         * 
FILE=_Bsta_cychdr
  __JumpTableTOP
                                  80010070         0   none ,l         * 
FILE=_Bstp_cychdr
  __JumpTableTOP
                                  80010070         0   none ,l         * 
FILE=_DD_GET
  __JumpTableTOP
                                  80010070         0   none ,l         * 
FILE=_locate
  __JumpTableTOP
                                  80010070         0   none ,l         * 
FILE=_PrintMiniSd
  __JumpTableTOP
                                  80010070         0   none ,l         * 
FILE=__divlu
  zerodiv
                                  0000044e         0   none ,l         * 
FILE=__modlu
  zerodiv
                                  0000044e         0   none ,l         * 
FILE=__divws
  zerodiv
                                  0000044e         0   none ,l         * 

*** Delete Symbols ***

SYMBOL                                SIZE    INFO

*** Variable Accessible with Abs8 ***

SYMBOL                                SIZE    COUNTS  OPTIMIZE

*** Variable Accessible with Abs16 ***

SYMBOL                                SIZE    COUNTS  OPTIMIZE

*** Function Call ***

SYMBOL                              COUNTS  OPTIMIZE
